// Jest Snapshot v1, https://goo.gl/fbAQLP

exports[`Line Component display line component 1`] = `
<div
  className="line"
  style={
    Object {
      "left": "calc(10% + 20px)",
      "top": 520,
      "width": "calc(15% - 20px)",
    }
  }
/>
`;

exports[`display line component 1`] = `
<div
  className="line"
  style={
    Object {
      "left": "calc(10% + 20px)",
      "top": 520,
      "width": "calc(15% - 20px)",
    }
  }
/>
`;
